   Compiling cfg-if v1.0.5
   Compiling typenum v1.20.1
   Compiling subtle v2.6.1
   Compiling zeroize v1.9.0
   Compiling libc v0.2.189
   Compiling memchr v2.8.3
   Compiling ryu v1.0.23
   Compiling cpufeatures v0.2.17
   Compiling zerocopy v0.8.59
   Compiling utf8parse v0.2.2
   Compiling itoa v1.0.18
   Compiling serde v1.0.216
   Compiling anstyle v1.0.14
   Compiling anstyle-parse v0.2.7
   Compiling colorchoice v1.0.5
   Compiling hex v0.4.3
   Compiling signature v2.2.0
   Compiling is_terminal_polyfill v1.70.2
   Compiling opaque-debug v0.3.1
   Compiling anstyle-query v1.1.5
   Compiling ed25519 v2.2.3
   Compiling base64ct v1.8.3
   Compiling clap_lex v0.7.7
   Compiling anstream v0.6.21
   Compiling tinyvec v1.13.3
   Compiling strsim v0.11.1
   Compiling thiserror v2.0.9
   Compiling base64 v0.22.1
   Compiling getrandom v0.2.17
   Compiling clap_builder v4.5.23
   Compiling rtoolbox v0.0.6
   Compiling generic-array v0.14.7
   Compiling rand_core v0.6.4
   Compiling unicode-normalization v0.1.24
   Compiling rpassword v7.4.0
   Compiling password-hash v0.5.0
   Compiling crypto-common v0.1.7
   Compiling block-buffer v0.10.4
   Compiling inout v0.1.4
   Compiling universal-hash v0.5.1
   Compiling cipher v0.4.4
   Compiling aead v0.5.2
   Compiling digest v0.10.7
   Compiling polyval v0.6.2
   Compiling aes v0.8.4
   Compiling ctr v0.9.2
   Compiling sha2 v0.10.8
   Compiling ghash v0.5.1
   Compiling curve25519-dalek v4.1.3
   Compiling blake2 v0.10.6
   Compiling aes-gcm v0.10.3
   Compiling argon2 v0.5.3
   Compiling rld-regional-ledger-candidate v0.1.0 (<WORKSPACE>/tools/regional-ledger)
   Compiling ed25519-dalek v2.1.1
   Compiling clap v4.5.23
   Compiling serde_json v1.0.134
   Compiling uuid v1.11.0
   Compiling ppv-lite86 v0.2.21
   Compiling rld-core v0.2.0 (<WORKSPACE>/crates/rld-core)
   Compiling rand_chacha v0.3.1
   Compiling rand v0.8.5
    Finished `test` profile [unoptimized + debuginfo] target(s) in 19.42s
     Running unittests src/lib.rs (tmp/default-relay-20260930/native-state-proof-target-20261002/debug/deps/rld_regional_ledger_candidate-90e75562266a8bf8)

running 6 tests
test tests::state_proofs::roots_bind_all_collections_counters_records_and_exact_query ... ok
test tests::state_proofs::missing_nonadjacent_and_equal_key_absence_never_hide_an_existing_record ... ok
test tests::state_proofs::exact_members_and_adjacent_absence_cover_empty_single_odd_and_even_indexes ... ok
test tests::state_proofs::native_signed_export_and_spent_import_proofs_require_exact_replayed_checkpoints ... ok
test tests::state_proofs::altered_paths_positions_values_padding_and_unbounded_inputs_refuse ... ok
{"absence_proof_bytes":2683,"entries":4096,"format":"RLD-NATIVE-STATE-PROOF-CAPACITY-SAMPLE-V1","native_implementation":"242f2e74ffa96bd24911579cdd676631e1cc351f5a017163c892d4f42f34be7d","native_long_history_qualified":false,"permanent_index_bound_unchanged":true,"sibling_hashes":24,"state_bytes":860228,"synthetic_map_shape_only":true}
test tests::state_proofs::full_capacity_proof_cost_is_bounded_without_discarding_permanent_indexes ... ok

test result: ok. 6 passed; 0 failed; 0 ignored; 0 measured; 122 filtered out; finished in 0.95s

     Running unittests src/bin/contact-fixture.rs (tmp/default-relay-20260930/native-state-proof-target-20261002/debug/deps/contact_fixture-25c30bf8bcfe34d5)

running 0 tests

test result: ok. 0 passed; 0 failed; 0 ignored; 0 measured; 0 filtered out; finished in 0.00s

     Running unittests src/bin/fixture-campaign.rs (tmp/default-relay-20260930/native-state-proof-target-20261002/debug/deps/fixture_campaign-a1cf0536364046b5)

running 0 tests

test result: ok. 0 passed; 0 failed; 0 ignored; 0 measured; 0 filtered out; finished in 0.00s

     Running unittests src/main.rs (tmp/default-relay-20260930/native-state-proof-target-20261002/debug/deps/rld_regional_ledger_candidate-a07d3c4a82b9e0a3)

running 0 tests

test result: ok. 0 passed; 0 failed; 0 ignored; 0 measured; 0 filtered out; finished in 0.00s

