   Compiling version_check v0.9.5
   Compiling libc v0.2.189
   Compiling cfg-if v1.0.5
   Compiling typenum v1.20.1
   Compiling proc-macro2 v1.0.107
   Compiling unicode-ident v1.0.26
   Compiling quote v1.0.47
   Compiling subtle v2.6.1
   Compiling serde v1.0.216
   Compiling serde_json v1.0.134
   Compiling zerocopy v0.8.59
   Compiling zeroize v1.9.0
   Compiling semver v1.0.28
   Compiling generic-array v0.14.7
   Compiling memchr v2.8.3
   Compiling rustc_version v0.4.1
   Compiling curve25519-dalek v4.1.3
   Compiling utf8parse v0.2.2
   Compiling ryu v1.0.23
   Compiling itoa v1.0.18
   Compiling anstyle-parse v0.2.7
   Compiling thiserror v2.0.9
   Compiling colorchoice v1.0.5
   Compiling signature v2.2.0
   Compiling is_terminal_polyfill v1.70.2
   Compiling anstyle-query v1.1.5
   Compiling anstyle v1.0.14
   Compiling opaque-debug v0.3.1
   Compiling ed25519 v2.2.3
   Compiling strsim v0.11.1
   Compiling anstream v0.6.21
   Compiling tinyvec v1.13.3
   Compiling hex v0.4.3
   Compiling block-buffer v0.10.4
   Compiling crypto-common v0.1.7
   Compiling syn v2.0.119
   Compiling digest v0.10.7
   Compiling inout v0.1.4
   Compiling base64ct v1.8.3
   Compiling clap_lex v0.7.7
   Compiling getrandom v0.2.17
   Compiling cpufeatures v0.2.17
   Compiling heck v0.5.0
   Compiling sha2 v0.10.8
   Compiling clap_builder v4.5.23
   Compiling rtoolbox v0.0.6
   Compiling unicode-normalization v0.1.24
   Compiling rand_core v0.6.4
   Compiling rpassword v7.4.0
   Compiling rld-regional-ledger-candidate v0.1.0 (/LOCAL_WORKSPACE/tmp/default-relay-20260930/native-bft-epoch-final-reviewed-source-20261002/tools/regional-ledger)
   Compiling base64 v0.22.1
   Compiling password-hash v0.5.0
   Compiling cipher v0.4.4
   Compiling universal-hash v0.5.1
   Compiling aead v0.5.2
   Compiling polyval v0.6.2
   Compiling ctr v0.9.2
   Compiling aes v0.8.4
   Compiling blake2 v0.10.6
   Compiling ghash v0.5.1
   Compiling aes-gcm v0.10.3
   Compiling argon2 v0.5.3
   Compiling ed25519-dalek v2.1.1
   Compiling serde_derive v1.0.216
   Compiling thiserror-impl v2.0.9
   Compiling clap_derive v4.5.18
   Compiling ppv-lite86 v0.2.21
   Compiling rand_chacha v0.3.1
   Compiling rand v0.8.5
   Compiling clap v4.5.23
   Compiling uuid v1.11.0
   Compiling rld-core v0.2.0 (/LOCAL_WORKSPACE/tmp/default-relay-20260930/native-bft-epoch-final-reviewed-source-20261002/crates/rld-core)
    Finished `release` profile [optimized] target(s) in 39.44s
