{"phase": "waiting: node startup earth-1"}
{"phase": "verified: node startup earth-1"}
{"phase": "waiting: node startup earth-2"}
{"phase": "verified: node startup earth-2"}
{"phase": "waiting: node startup earth-3"}
{"phase": "verified: node startup earth-3"}
{"phase": "waiting: node startup proxima-0"}
{"phase": "verified: node startup proxima-0"}
{"phase": "waiting: node startup proxima-1"}
{"phase": "verified: node startup proxima-1"}
{"phase": "waiting: node startup proxima-2"}
{"phase": "verified: node startup proxima-2"}
{"phase": "waiting: node startup proxima-3"}
{"phase": "verified: node startup proxima-3"}
{"phase": "waiting: node startup andromeda-0"}
{"phase": "verified: node startup andromeda-0"}
{"phase": "waiting: node startup andromeda-1"}
{"phase": "verified: node startup andromeda-1"}
{"phase": "waiting: node startup andromeda-2"}
{"phase": "verified: node startup andromeda-2"}
{"phase": "waiting: node startup andromeda-3"}
{"phase": "verified: node startup andromeda-3"}
{"phase": "waiting: three voters progress past offline parent-12 leader"}
{"phase": "verified: three voters progress past offline parent-12 leader"}
{"phase": "waiting: both isolated remote regions continue local certified progress"}
{"phase": "verified: both isolated remote regions continue local certified progress"}
{"phase": "waiting: node startup earth-0"}
{"phase": "verified: node startup earth-0"}
{"phase": "waiting: offline validator catches up through pinned TLS"}
{"phase": "verified: offline validator catches up through pinned TLS"}
{"phase": "waiting: retained new export imports uniquely and matures after contact restoration"}
{"phase": "verified: retained new export imports uniquely and matures after contact restoration"}
{"phase": "waiting: keyless fixture pause drains complete native certificates"}
{"phase": "verified: keyless fixture pause drains complete native certificates"}
{"completed": true, "failure": null, "sealed_source_unchanged": true}
