{"phase": "waiting: node startup earth-1"}
{"phase": "verified: node startup earth-1"}
{"phase": "waiting: node startup earth-2"}
{"phase": "verified: node startup earth-2"}
{"phase": "waiting: node startup earth-3"}
{"phase": "verified: node startup earth-3"}
{"phase": "waiting: node startup proxima-0"}
{"phase": "verified: node startup proxima-0"}
{"phase": "waiting: node startup proxima-1"}
{"phase": "verified: node startup proxima-1"}
{"phase": "waiting: node startup proxima-2"}
{"phase": "verified: node startup proxima-2"}
{"phase": "waiting: node startup proxima-3"}
{"phase": "verified: node startup proxima-3"}
{"phase": "waiting: node startup andromeda-0"}
{"phase": "verified: node startup andromeda-0"}
{"phase": "waiting: node startup andromeda-1"}
{"phase": "verified: node startup andromeda-1"}
{"phase": "waiting: node startup andromeda-2"}
{"phase": "verified: node startup andromeda-2"}
{"phase": "waiting: node startup andromeda-3"}
{"phase": "verified: node startup andromeda-3"}
{"phase": "waiting: three voters progress past offline parent-12 leader"}
{"completed": false, "failure": "bounded ground observation deadline: three voters progress past offline parent-12 leader {\"('earth', 1)\": [\"[Errno 61] Connection refused\", \"[SSL: UNEXPECTED_EOF_WHILE_READING] EOF occurred in violation of protocol (_ssl.c:1082)\"], \"('earth', 2)\": [], \"('earth', 3)\": [\"TCP peer refused custody; retain queued evidence\"], \"('proxima', 0)\": [\"TCP peer refused custody; retain queued evidence\"], \"('proxima', 1)\": [\"TCP peer refused custody; retain queued evidence\", \"[SSL: UNEXPECTED_EOF_WHILE_READING] EOF occurred in violation of protocol (_ssl.c:1082)\"], \"('proxima', 2)\": [\"TCP peer refused custody; retain queued evidence\", \"TCP peer refused custody; retain queued evidence\"], \"('proxima', 3)\": [\"TCP peer refused custody; retain queued evidence\"], \"('andromeda', 0)\": [\"[Errno 35] Resource temporarily unavailable\"], \"('andromeda', 1)\": [\"TCP peer refused custody; retain queued evidence\", \"[Errno 35] Resource temporarily unavailable\", \"[Errno 35] Resource temporarily unavailable\"], \"('andromeda', 2)\": [\"TCP peer refused custody; retain queued evidence\"], \"('andromeda', 3)\": [\"TCP peer refused custody; retain queued evidence\"]}", "sealed_source_unchanged": true}
Traceback (most recent call last):
  File "/LOCAL_WORKSPACE/tmp/default-relay-20260930/native-bft-autonomous-epoch-joint-active-proof-reviewed-source-20261002/tools/regional_bft_sustained_campaign.py", line 618, in <module>
    if __name__ == '__main__': main()
                               ~~~~^^
  File "/LOCAL_WORKSPACE/tmp/default-relay-20260930/native-bft-autonomous-epoch-joint-active-proof-reviewed-source-20261002/tools/regional_bft_sustained_campaign.py", line 615, in main
    execute(args, joint=args.joint_cycle)
    ~~~~~~~^^^^^^^^^^^^^^^^^^^^^^^^^^^^^^
  File "/LOCAL_WORKSPACE/tmp/default-relay-20260930/native-bft-autonomous-epoch-joint-active-proof-reviewed-source-20261002/tools/regional_bft_sustained_campaign.py", line 591, in execute
    if failure is not None: raise ValueError(failure)
                            ^^^^^^^^^^^^^^^^^^^^^^^^^
ValueError: bounded ground observation deadline: three voters progress past offline parent-12 leader {"('earth', 1)": ["[Errno 61] Connection refused", "[SSL: UNEXPECTED_EOF_WHILE_READING] EOF occurred in violation of protocol (_ssl.c:1082)"], "('earth', 2)": [], "('earth', 3)": ["TCP peer refused custody; retain queued evidence"], "('proxima', 0)": ["TCP peer refused custody; retain queued evidence"], "('proxima', 1)": ["TCP peer refused custody; retain queued evidence", "[SSL: UNEXPECTED_EOF_WHILE_READING] EOF occurred in violation of protocol (_ssl.c:1082)"], "('proxima', 2)": ["TCP peer refused custody; retain queued evidence", "TCP peer refused custody; retain queued evidence"], "('proxima', 3)": ["TCP peer refused custody; retain queued evidence"], "('andromeda', 0)": ["[Errno 35] Resource temporarily unavailable"], "('andromeda', 1)": ["TCP peer refused custody; retain queued evidence", "[Errno 35] Resource temporarily unavailable", "[Errno 35] Resource temporarily unavailable"], "('andromeda', 2)": ["TCP peer refused custody; retain queued evidence"], "('andromeda', 3)": ["TCP peer refused custody; retain queued evidence"]}
