    Checking cfg-if v1.0.5
    Checking typenum v1.20.1
    Checking subtle v2.6.1
    Checking zeroize v1.9.0
    Checking libc v0.2.189
   Compiling cpufeatures v0.2.17
   Compiling memchr v2.8.3
    Checking zerocopy v0.8.59
   Compiling itoa v1.0.18
   Compiling serde v1.0.216
   Compiling ryu v1.0.23
    Checking utf8parse v0.2.2
    Checking signature v2.2.0
    Checking anstyle v1.0.14
    Checking anstyle-parse v0.2.7
    Checking anstyle-query v1.1.5
    Checking is_terminal_polyfill v1.70.2
    Checking opaque-debug v0.3.1
    Checking colorchoice v1.0.5
    Checking ed25519 v2.2.3
    Checking strsim v0.11.1
    Checking base64ct v1.8.3
    Checking anstream v0.6.21
    Checking tinyvec v1.13.3
   Compiling hex v0.4.3
    Checking getrandom v0.2.17
    Checking clap_lex v0.7.7
    Checking rand_core v0.6.4
    Checking rtoolbox v0.0.6
    Checking thiserror v2.0.9
    Checking generic-array v0.14.7
    Checking unicode-normalization v0.1.24
    Checking clap_builder v4.5.23
    Checking rpassword v7.4.0
    Checking password-hash v0.5.0
    Checking base64 v0.22.1
    Checking crypto-common v0.1.7
    Checking block-buffer v0.10.4
    Checking inout v0.1.4
    Checking universal-hash v0.5.1
    Checking aead v0.5.2
    Checking cipher v0.4.4
    Checking digest v0.10.7
    Checking polyval v0.6.2
    Checking aes v0.8.4
    Checking ctr v0.9.2
    Checking curve25519-dalek v4.1.3
    Checking sha2 v0.10.8
    Checking blake2 v0.10.6
    Checking ghash v0.5.1
    Checking aes-gcm v0.10.3
    Checking argon2 v0.5.3
   Compiling rld-regional-ledger-candidate v0.1.0 (/LOCAL_WORKSPACE/tmp/default-relay-20260930/native-bft-autonomous-epoch-joint-active-proof-reviewed-source-20261002/tools/regional-ledger)
    Checking clap v4.5.23
    Checking ed25519-dalek v2.1.1
    Checking uuid v1.11.0
    Checking serde_json v1.0.134
    Checking ppv-lite86 v0.2.21
   Compiling rld-core v0.2.0 (/LOCAL_WORKSPACE/tmp/default-relay-20260930/native-bft-autonomous-epoch-joint-active-proof-reviewed-source-20261002/crates/rld-core)
    Checking rand_chacha v0.3.1
    Checking rand v0.8.5
    Finished `dev` profile [unoptimized + debuginfo] target(s) in 10.31s
