   Compiling version_check v0.9.5
   Compiling libc v0.2.189
   Compiling cfg-if v1.0.5
   Compiling typenum v1.20.1
   Compiling proc-macro2 v1.0.107
   Compiling unicode-ident v1.0.26
   Compiling quote v1.0.47
   Compiling subtle v2.6.1
   Compiling serde v1.0.216
   Compiling semver v1.0.28
   Compiling zeroize v1.9.0
   Compiling zerocopy v0.8.59
   Compiling serde_json v1.0.134
   Compiling memchr v2.8.3
   Compiling ryu v1.0.23
   Compiling rustc_version v0.4.1
   Compiling generic-array v0.14.7
   Compiling itoa v1.0.18
   Compiling utf8parse v0.2.2
   Compiling anstyle-parse v0.2.7
   Compiling colorchoice v1.0.5
   Compiling curve25519-dalek v4.1.3
   Compiling thiserror v2.0.9
   Compiling anstyle-query v1.1.5
   Compiling opaque-debug v0.3.1
   Compiling signature v2.2.0
   Compiling hex v0.4.3
   Compiling anstyle v1.0.14
   Compiling is_terminal_polyfill v1.70.2
   Compiling ed25519 v2.2.3
   Compiling anstream v0.6.21
   Compiling strsim v0.11.1
   Compiling tinyvec v1.13.3
   Compiling base64ct v1.8.3
   Compiling heck v0.5.0
   Compiling clap_lex v0.7.7
   Compiling unicode-normalization v0.1.24
   Compiling clap_builder v4.5.23
   Compiling base64 v0.22.1
   Compiling block-buffer v0.10.4
   Compiling crypto-common v0.1.7
   Compiling inout v0.1.4
   Compiling digest v0.10.7
   Compiling cpufeatures v0.2.17
   Compiling sha2 v0.10.8
   Compiling rld-regional-ledger-candidate v0.1.0 (<WORKSPACE>/tools/regional-ledger)
   Compiling syn v2.0.119
   Compiling getrandom v0.2.17
   Compiling rtoolbox v0.0.6
   Compiling rpassword v7.4.0
   Compiling rand_core v0.6.4
   Compiling password-hash v0.5.0
   Compiling cipher v0.4.4
   Compiling universal-hash v0.5.1
   Compiling aead v0.5.2
   Compiling polyval v0.6.2
   Compiling blake2 v0.10.6
   Compiling aes v0.8.4
   Compiling ctr v0.9.2
   Compiling ghash v0.5.1
   Compiling aes-gcm v0.10.3
   Compiling argon2 v0.5.3
   Compiling ed25519-dalek v2.1.1
   Compiling ppv-lite86 v0.2.21
   Compiling serde_derive v1.0.216
   Compiling thiserror-impl v2.0.9
   Compiling clap_derive v4.5.18
   Compiling rand_chacha v0.3.1
   Compiling rand v0.8.5
   Compiling clap v4.5.23
   Compiling uuid v1.11.0
   Compiling rld-core v0.2.0 (<WORKSPACE>/crates/rld-core)
    Finished `test` profile [unoptimized + debuginfo] target(s) in 27.80s
     Running unittests src/lib.rs (tmp/default-relay-20260930/native-carriage-workspace-target-20261002/debug/deps/rld_regional_ledger_candidate-90e75562266a8bf8)

running 9 tests
test tests::contacts::wrong_native_destination_and_fake_export_are_rejected_atomically ... ok
test tests::contacts::incomplete_contact_dependencies_and_foreign_currency_leave_native_state_unchanged ... ok
test tests::contacts::changed_payload_noncanonical_frame_and_transport_receipt_cannot_import ... ok

thread 'tests::contacts::duplicate_carriage_of_the_same_export_never_mines_or_issues_twice' (7132720) panicked at src/contact_tests.rs:206:65:
called `Result::unwrap()` on an `Err` value: "unknown field `statement`, expected `prefix` or `snapshot` at line 1 column 462"
note: run with `RUST_BACKTRACE=1` environment variable to display a backtrace
test tests::contacts::duplicate_carriage_of_the_same_export_never_mines_or_issues_twice ... FAILED
test tests::contacts::contact_index_corruption_cannot_turn_unverified_evidence_into_payment ... ok
test tests::contacts::authenticated_incidents_in_contacts_are_retained_and_prevent_new_credit ... ok
test tests::contacts::transport_evidence_is_pending_until_native_import_and_survives_restart ... ok
test tests::contacts::export_carriage_stays_exact_after_unrelated_certified_growth_and_restart ... ok
test tests::contacts::contact_capacity_and_byte_bounds_preserve_pending_value_evidence ... ok

failures:

failures:
    tests::contacts::duplicate_carriage_of_the_same_export_never_mines_or_issues_twice

test result: FAILED. 8 passed; 1 failed; 0 ignored; 0 measured; 107 filtered out; finished in 2.78s

error: test failed, to rerun pass `--lib`
